../Core/Inc/delay.h:10:22:DWT_Delay_us	24	static
../Core/Src/main.c:103:6:UART_TransmitTemperature	16	static
../Core/Src/main.c:108:10:UART_TransmitHummidity	16	static
../Core/Src/main.c:113:10:UART_TransmitTemperature_SD	16	static
../Core/Src/main.c:120:10:UART_TransmitHummidity_SD	16	static
../Core/Src/main.c:129:10:set_Time	8	static
../Core/Src/main.c:142:10:get_time	16	static
../Core/Src/main.c:172:9:display_time	8	static
../Core/Src/main.c:191:5:main	16	static
../Core/Src/main.c:333:6:SystemClock_Config	96	static
../Core/Src/main.c:388:6:Error_Handler	4	static,ignoring_inline_asm
